2026-06-21 23:57:01.332 Uvicorn server started on 0.0.0.0:3000
2026-06-22 00:00:06.042 Pandas DataFrame hash failed. Falling back to pickling the object.
Traceback (most recent call last):
  File "C:\Users\keena\DynastyGM\venv\Lib\site-packages\streamlit\runtime\caching\hashing.py", line 453, in _to_bytes
    values_hash_bytes = self.to_bytes(hash_pandas_object(df_obj))
                                      ~~~~~~~~~~~~~~~~~~^^^^^^^^
  File "C:\Users\keena\DynastyGM\venv\Lib\site-packages\pandas\core\util\hashing.py", line 185, in hash_pandas_object
    h = combine_hash_arrays(hashes, num_items)
  File "C:\Users\keena\DynastyGM\venv\Lib\site-packages\pandas\core\util\hashing.py", line 73, in combine_hash_arrays
    for i, a in enumerate(arrays):
                ~~~~~~~~~^^^^^^^^
  File "C:\Users\keena\DynastyGM\venv\Lib\site-packages\pandas\core\util\hashing.py", line 184, in <genexpr>
    hashes = (x for x in _hashes)
                         ^^^^^^^
  File "C:\Users\keena\DynastyGM\venv\Lib\site-packages\pandas\core\util\hashing.py", line 165, in <genexpr>
    hash_array(series._values, encoding, hash_key, categorize)
    ~~~~~~~~~~^^^^^^^^^^^^^^^^^^^^^^^^^^^^^^^^^^^^^^^^^^^^^^^^
  File "C:\Users\keena\DynastyGM\venv\Lib\site-packages\pandas\core\util\hashing.py", line 296, in hash_array
    return _hash_ndarray(vals, encoding, hash_key, categorize)
  File "C:\Users\keena\DynastyGM\venv\Lib\site-packages\pandas\core\util\hashing.py", line 335, in _hash_ndarray
    codes, categories = factorize(vals, sort=False)
                        ~~~~~~~~~^^^^^^^^^^^^^^^^^^
  File "C:\Users\keena\DynastyGM\venv\Lib\site-packages\pandas\core\algorithms.py", line 821, in factorize
    codes, uniques = factorize_array(
                     ~~~~~~~~~~~~~~~^
        values,
        ^^^^^^^
        use_na_sentinel=use_na_sentinel,
        ^^^^^^^^^^^^^^^^^^^^^^^^^^^^^^^^
        size_hint=size_hint,
        ^^^^^^^^^^^^^^^^^^^^
    )
    ^
  File "C:\Users\keena\DynastyGM\venv\Lib\site-packages\pandas\core\algorithms.py", line 637, in factorize_array
    uniques, codes = table.factorize(
                     ~~~~~~~~~~~~~~~^
        values,
        ^^^^^^^
    ...<3 lines>...
        ignore_na=use_na_sentinel,
        ^^^^^^^^^^^^^^^^^^^^^^^^^^
    )
    ^
  File "pandas/_libs/hashtable_class_helper.pxi", line 7873, in pandas._libs.hashtable.PyObjectHashTable.factorize
  File "pandas/_libs/hashtable_class_helper.pxi", line 7783, in pandas._libs.hashtable.PyObjectHashTable._unique
TypeError: unhashable type: 'list'
2026-06-22 00:00:06.451 Pandas DataFrame hash failed. Falling back to pickling the object.
Traceback (most recent call last):
  File "C:\Users\keena\DynastyGM\venv\Lib\site-packages\streamlit\runtime\caching\hashing.py", line 453, in _to_bytes
    values_hash_bytes = self.to_bytes(hash_pandas_object(df_obj))
                                      ~~~~~~~~~~~~~~~~~~^^^^^^^^
  File "C:\Users\keena\DynastyGM\venv\Lib\site-packages\pandas\core\util\hashing.py", line 185, in hash_pandas_object
    h = combine_hash_arrays(hashes, num_items)
  File "C:\Users\keena\DynastyGM\venv\Lib\site-packages\pandas\core\util\hashing.py", line 73, in combine_hash_arrays
    for i, a in enumerate(arrays):
                ~~~~~~~~~^^^^^^^^
  File "C:\Users\keena\DynastyGM\venv\Lib\site-packages\pandas\core\util\hashing.py", line 184, in <genexpr>
    hashes = (x for x in _hashes)
                         ^^^^^^^
  File "C:\Users\keena\DynastyGM\venv\Lib\site-packages\pandas\core\util\hashing.py", line 165, in <genexpr>
    hash_array(series._values, encoding, hash_key, categorize)
    ~~~~~~~~~~^^^^^^^^^^^^^^^^^^^^^^^^^^^^^^^^^^^^^^^^^^^^^^^^
  File "C:\Users\keena\DynastyGM\venv\Lib\site-packages\pandas\core\util\hashing.py", line 296, in hash_array
    return _hash_ndarray(vals, encoding, hash_key, categorize)
  File "C:\Users\keena\DynastyGM\venv\Lib\site-packages\pandas\core\util\hashing.py", line 335, in _hash_ndarray
    codes, categories = factorize(vals, sort=False)
                        ~~~~~~~~~^^^^^^^^^^^^^^^^^^
  File "C:\Users\keena\DynastyGM\venv\Lib\site-packages\pandas\core\algorithms.py", line 821, in factorize
    codes, uniques = factorize_array(
                     ~~~~~~~~~~~~~~~^
        values,
        ^^^^^^^
        use_na_sentinel=use_na_sentinel,
        ^^^^^^^^^^^^^^^^^^^^^^^^^^^^^^^^
        size_hint=size_hint,
        ^^^^^^^^^^^^^^^^^^^^
    )
    ^
  File "C:\Users\keena\DynastyGM\venv\Lib\site-packages\pandas\core\algorithms.py", line 637, in factorize_array
    uniques, codes = table.factorize(
                     ~~~~~~~~~~~~~~~^
        values,
        ^^^^^^^
    ...<3 lines>...
        ignore_na=use_na_sentinel,
        ^^^^^^^^^^^^^^^^^^^^^^^^^^
    )
    ^
  File "pandas/_libs/hashtable_class_helper.pxi", line 7873, in pandas._libs.hashtable.PyObjectHashTable.factorize
  File "pandas/_libs/hashtable_class_helper.pxi", line 7783, in pandas._libs.hashtable.PyObjectHashTable._unique
TypeError: unhashable type: 'list'
2026-06-22 00:00:06.981 Pandas DataFrame hash failed. Falling back to pickling the object.
Traceback (most recent call last):
  File "C:\Users\keena\DynastyGM\venv\Lib\site-packages\streamlit\runtime\caching\hashing.py", line 453, in _to_bytes
    values_hash_bytes = self.to_bytes(hash_pandas_object(df_obj))
                                      ~~~~~~~~~~~~~~~~~~^^^^^^^^
  File "C:\Users\keena\DynastyGM\venv\Lib\site-packages\pandas\core\util\hashing.py", line 185, in hash_pandas_object
    h = combine_hash_arrays(hashes, num_items)
  File "C:\Users\keena\DynastyGM\venv\Lib\site-packages\pandas\core\util\hashing.py", line 73, in combine_hash_arrays
    for i, a in enumerate(arrays):
                ~~~~~~~~~^^^^^^^^
  File "C:\Users\keena\DynastyGM\venv\Lib\site-packages\pandas\core\util\hashing.py", line 184, in <genexpr>
    hashes = (x for x in _hashes)
                         ^^^^^^^
  File "C:\Users\keena\DynastyGM\venv\Lib\site-packages\pandas\core\util\hashing.py", line 165, in <genexpr>
    hash_array(series._values, encoding, hash_key, categorize)
    ~~~~~~~~~~^^^^^^^^^^^^^^^^^^^^^^^^^^^^^^^^^^^^^^^^^^^^^^^^
  File "C:\Users\keena\DynastyGM\venv\Lib\site-packages\pandas\core\util\hashing.py", line 296, in hash_array
    return _hash_ndarray(vals, encoding, hash_key, categorize)
  File "C:\Users\keena\DynastyGM\venv\Lib\site-packages\pandas\core\util\hashing.py", line 335, in _hash_ndarray
    codes, categories = factorize(vals, sort=False)
                        ~~~~~~~~~^^^^^^^^^^^^^^^^^^
  File "C:\Users\keena\DynastyGM\venv\Lib\site-packages\pandas\core\algorithms.py", line 821, in factorize
    codes, uniques = factorize_array(
                     ~~~~~~~~~~~~~~~^
        values,
        ^^^^^^^
        use_na_sentinel=use_na_sentinel,
        ^^^^^^^^^^^^^^^^^^^^^^^^^^^^^^^^
        size_hint=size_hint,
        ^^^^^^^^^^^^^^^^^^^^
    )
    ^
  File "C:\Users\keena\DynastyGM\venv\Lib\site-packages\pandas\core\algorithms.py", line 637, in factorize_array
    uniques, codes = table.factorize(
                     ~~~~~~~~~~~~~~~^
        values,
        ^^^^^^^
    ...<3 lines>...
        ignore_na=use_na_sentinel,
        ^^^^^^^^^^^^^^^^^^^^^^^^^^
    )
    ^
  File "pandas/_libs/hashtable_class_helper.pxi", line 7873, in pandas._libs.hashtable.PyObjectHashTable.factorize
  File "pandas/_libs/hashtable_class_helper.pxi", line 7783, in pandas._libs.hashtable.PyObjectHashTable._unique
TypeError: unhashable type: 'list'
2026-06-22 00:00:30.536 The widget with key "platform_nav_group" was created with a default value but also had its value set via the Session State API.
Stack (most recent call last):
  File "C:\Program Files\Python314\Lib\threading.py", line 1044, in _bootstrap
    self._bootstrap_inner()
  File "C:\Program Files\Python314\Lib\threading.py", line 1082, in _bootstrap_inner
    self._context.run(self.run)
  File "C:\Program Files\Python314\Lib\threading.py", line 1024, in run
    self._target(*self._args, **self._kwargs)
  File "C:\Users\keena\DynastyGM\venv\Lib\site-packages\streamlit\runtime\scriptrunner\script_runner.py", line 419, in _run_script_thread
    self._run_script(request.rerun_data)
  File "C:\Users\keena\DynastyGM\venv\Lib\site-packages\streamlit\runtime\scriptrunner\script_runner.py", line 814, in _run_script
    ) = exec_func_with_error_handling(code_to_exec, ctx)
  File "C:\Users\keena\DynastyGM\venv\Lib\site-packages\streamlit\runtime\scriptrunner\exec_code.py", line 129, in exec_func_with_error_handling
    result = func()
  File "C:\Users\keena\DynastyGM\venv\Lib\site-packages\streamlit\runtime\scriptrunner\script_runner.py", line 789, in code_to_exec
    exec(code, module.__dict__)  # noqa: S102
  File "C:\Users\keena\DynastyGM\app.py", line 14202, in <module>
    main()
  File "C:\Users\keena\DynastyGM\app.py", line 11089, in main
    selected_group = st.radio(
  File "C:\Users\keena\DynastyGM\venv\Lib\site-packages\streamlit\runtime\metrics_util.py", line 698, in wrapped_func
    result = non_optional_func(*args, **kwargs)
  File "C:\Users\keena\DynastyGM\venv\Lib\site-packages\streamlit\elements\widgets\radio.py", line 400, in radio
    return self._radio(
  File "C:\Users\keena\DynastyGM\venv\Lib\site-packages\streamlit\elements\widgets\radio.py", line 441, in _radio
    check_widget_policies(
  File "C:\Users\keena\DynastyGM\venv\Lib\site-packages\streamlit\elements\lib\policies.py", line 187, in check_widget_policies
    check_session_state_rules(
  File "C:\Users\keena\DynastyGM\venv\Lib\site-packages\streamlit\elements\lib\policies.py", line 92, in check_session_state_rules
    _LOGGER.warning(
2026-06-22 00:00:30.601 Pandas DataFrame hash failed. Falling back to pickling the object.
Traceback (most recent call last):
  File "C:\Users\keena\DynastyGM\venv\Lib\site-packages\streamlit\runtime\caching\hashing.py", line 453, in _to_bytes
    values_hash_bytes = self.to_bytes(hash_pandas_object(df_obj))
                                      ~~~~~~~~~~~~~~~~~~^^^^^^^^
  File "C:\Users\keena\DynastyGM\venv\Lib\site-packages\pandas\core\util\hashing.py", line 185, in hash_pandas_object
    h = combine_hash_arrays(hashes, num_items)
  File "C:\Users\keena\DynastyGM\venv\Lib\site-packages\pandas\core\util\hashing.py", line 73, in combine_hash_arrays
    for i, a in enumerate(arrays):
                ~~~~~~~~~^^^^^^^^
  File "C:\Users\keena\DynastyGM\venv\Lib\site-packages\pandas\core\util\hashing.py", line 184, in <genexpr>
    hashes = (x for x in _hashes)
                         ^^^^^^^
  File "C:\Users\keena\DynastyGM\venv\Lib\site-packages\pandas\core\util\hashing.py", line 165, in <genexpr>
    hash_array(series._values, encoding, hash_key, categorize)
    ~~~~~~~~~~^^^^^^^^^^^^^^^^^^^^^^^^^^^^^^^^^^^^^^^^^^^^^^^^
  File "C:\Users\keena\DynastyGM\venv\Lib\site-packages\pandas\core\util\hashing.py", line 296, in hash_array
    return _hash_ndarray(vals, encoding, hash_key, categorize)
  File "C:\Users\keena\DynastyGM\venv\Lib\site-packages\pandas\core\util\hashing.py", line 335, in _hash_ndarray
    codes, categories = factorize(vals, sort=False)
                        ~~~~~~~~~^^^^^^^^^^^^^^^^^^
  File "C:\Users\keena\DynastyGM\venv\Lib\site-packages\pandas\core\algorithms.py", line 821, in factorize
    codes, uniques = factorize_array(
                     ~~~~~~~~~~~~~~~^
        values,
        ^^^^^^^
        use_na_sentinel=use_na_sentinel,
        ^^^^^^^^^^^^^^^^^^^^^^^^^^^^^^^^
        size_hint=size_hint,
        ^^^^^^^^^^^^^^^^^^^^
    )
    ^
  File "C:\Users\keena\DynastyGM\venv\Lib\site-packages\pandas\core\algorithms.py", line 637, in factorize_array
    uniques, codes = table.factorize(
                     ~~~~~~~~~~~~~~~^
        values,
        ^^^^^^^
    ...<3 lines>...
        ignore_na=use_na_sentinel,
        ^^^^^^^^^^^^^^^^^^^^^^^^^^
    )
    ^
  File "pandas/_libs/hashtable_class_helper.pxi", line 7873, in pandas._libs.hashtable.PyObjectHashTable.factorize
  File "pandas/_libs/hashtable_class_helper.pxi", line 7783, in pandas._libs.hashtable.PyObjectHashTable._unique
TypeError: unhashable type: 'list'
2026-06-22 00:00:35.350 Pandas DataFrame hash failed. Falling back to pickling the object.
Traceback (most recent call last):
  File "C:\Users\keena\DynastyGM\venv\Lib\site-packages\streamlit\runtime\caching\hashing.py", line 453, in _to_bytes
    values_hash_bytes = self.to_bytes(hash_pandas_object(df_obj))
                                      ~~~~~~~~~~~~~~~~~~^^^^^^^^
  File "C:\Users\keena\DynastyGM\venv\Lib\site-packages\pandas\core\util\hashing.py", line 185, in hash_pandas_object
    h = combine_hash_arrays(hashes, num_items)
  File "C:\Users\keena\DynastyGM\venv\Lib\site-packages\pandas\core\util\hashing.py", line 73, in combine_hash_arrays
    for i, a in enumerate(arrays):
                ~~~~~~~~~^^^^^^^^
  File "C:\Users\keena\DynastyGM\venv\Lib\site-packages\pandas\core\util\hashing.py", line 184, in <genexpr>
    hashes = (x for x in _hashes)
                         ^^^^^^^
  File "C:\Users\keena\DynastyGM\venv\Lib\site-packages\pandas\core\util\hashing.py", line 165, in <genexpr>
    hash_array(series._values, encoding, hash_key, categorize)
    ~~~~~~~~~~^^^^^^^^^^^^^^^^^^^^^^^^^^^^^^^^^^^^^^^^^^^^^^^^
  File "C:\Users\keena\DynastyGM\venv\Lib\site-packages\pandas\core\util\hashing.py", line 296, in hash_array
    return _hash_ndarray(vals, encoding, hash_key, categorize)
  File "C:\Users\keena\DynastyGM\venv\Lib\site-packages\pandas\core\util\hashing.py", line 335, in _hash_ndarray
    codes, categories = factorize(vals, sort=False)
                        ~~~~~~~~~^^^^^^^^^^^^^^^^^^
  File "C:\Users\keena\DynastyGM\venv\Lib\site-packages\pandas\core\algorithms.py", line 821, in factorize
    codes, uniques = factorize_array(
                     ~~~~~~~~~~~~~~~^
        values,
        ^^^^^^^
        use_na_sentinel=use_na_sentinel,
        ^^^^^^^^^^^^^^^^^^^^^^^^^^^^^^^^
        size_hint=size_hint,
        ^^^^^^^^^^^^^^^^^^^^
    )
    ^
  File "C:\Users\keena\DynastyGM\venv\Lib\site-packages\pandas\core\algorithms.py", line 637, in factorize_array
    uniques, codes = table.factorize(
                     ~~~~~~~~~~~~~~~^
        values,
        ^^^^^^^
    ...<3 lines>...
        ignore_na=use_na_sentinel,
        ^^^^^^^^^^^^^^^^^^^^^^^^^^
    )
    ^
  File "pandas/_libs/hashtable_class_helper.pxi", line 7873, in pandas._libs.hashtable.PyObjectHashTable.factorize
  File "pandas/_libs/hashtable_class_helper.pxi", line 7783, in pandas._libs.hashtable.PyObjectHashTable._unique
TypeError: unhashable type: 'list'
2026-06-22 00:00:42.307 Pandas DataFrame hash failed. Falling back to pickling the object.
Traceback (most recent call last):
  File "C:\Users\keena\DynastyGM\venv\Lib\site-packages\streamlit\runtime\caching\hashing.py", line 453, in _to_bytes
    values_hash_bytes = self.to_bytes(hash_pandas_object(df_obj))
                                      ~~~~~~~~~~~~~~~~~~^^^^^^^^
  File "C:\Users\keena\DynastyGM\venv\Lib\site-packages\pandas\core\util\hashing.py", line 185, in hash_pandas_object
    h = combine_hash_arrays(hashes, num_items)
  File "C:\Users\keena\DynastyGM\venv\Lib\site-packages\pandas\core\util\hashing.py", line 73, in combine_hash_arrays
    for i, a in enumerate(arrays):
                ~~~~~~~~~^^^^^^^^
  File "C:\Users\keena\DynastyGM\venv\Lib\site-packages\pandas\core\util\hashing.py", line 184, in <genexpr>
    hashes = (x for x in _hashes)
                         ^^^^^^^
  File "C:\Users\keena\DynastyGM\venv\Lib\site-packages\pandas\core\util\hashing.py", line 165, in <genexpr>
    hash_array(series._values, encoding, hash_key, categorize)
    ~~~~~~~~~~^^^^^^^^^^^^^^^^^^^^^^^^^^^^^^^^^^^^^^^^^^^^^^^^
  File "C:\Users\keena\DynastyGM\venv\Lib\site-packages\pandas\core\util\hashing.py", line 296, in hash_array
    return _hash_ndarray(vals, encoding, hash_key, categorize)
  File "C:\Users\keena\DynastyGM\venv\Lib\site-packages\pandas\core\util\hashing.py", line 335, in _hash_ndarray
    codes, categories = factorize(vals, sort=False)
                        ~~~~~~~~~^^^^^^^^^^^^^^^^^^
  File "C:\Users\keena\DynastyGM\venv\Lib\site-packages\pandas\core\algorithms.py", line 821, in factorize
    codes, uniques = factorize_array(
                     ~~~~~~~~~~~~~~~^
        values,
        ^^^^^^^
        use_na_sentinel=use_na_sentinel,
        ^^^^^^^^^^^^^^^^^^^^^^^^^^^^^^^^
        size_hint=size_hint,
        ^^^^^^^^^^^^^^^^^^^^
    )
    ^
  File "C:\Users\keena\DynastyGM\venv\Lib\site-packages\pandas\core\algorithms.py", line 637, in factorize_array
    uniques, codes = table.factorize(
                     ~~~~~~~~~~~~~~~^
        values,
        ^^^^^^^
    ...<3 lines>...
        ignore_na=use_na_sentinel,
        ^^^^^^^^^^^^^^^^^^^^^^^^^^
    )
    ^
  File "pandas/_libs/hashtable_class_helper.pxi", line 7873, in pandas._libs.hashtable.PyObjectHashTable.factorize
  File "pandas/_libs/hashtable_class_helper.pxi", line 7783, in pandas._libs.hashtable.PyObjectHashTable._unique
TypeError: unhashable type: 'list'
