2026-06-22 22:17:16.953 Uvicorn server started on 0.0.0.0:3000
2026-06-22 22:19:35.947 The widget with key "platform_nav_group" was created with a default value but also had its value set via the Session State API.
Stack (most recent call last):
  File "C:\Program Files\Python314\Lib\threading.py", line 1044, in _bootstrap
    self._bootstrap_inner()
  File "C:\Program Files\Python314\Lib\threading.py", line 1082, in _bootstrap_inner
    self._context.run(self.run)
  File "C:\Program Files\Python314\Lib\threading.py", line 1024, in run
    self._target(*self._args, **self._kwargs)
  File "C:\Users\keena\DynastyGM\venv\Lib\site-packages\streamlit\runtime\scriptrunner\script_runner.py", line 419, in _run_script_thread
    self._run_script(request.rerun_data)
  File "C:\Users\keena\DynastyGM\venv\Lib\site-packages\streamlit\runtime\scriptrunner\script_runner.py", line 814, in _run_script
    ) = exec_func_with_error_handling(code_to_exec, ctx)
  File "C:\Users\keena\DynastyGM\venv\Lib\site-packages\streamlit\runtime\scriptrunner\exec_code.py", line 129, in exec_func_with_error_handling
    result = func()
  File "C:\Users\keena\DynastyGM\venv\Lib\site-packages\streamlit\runtime\scriptrunner\script_runner.py", line 789, in code_to_exec
    exec(code, module.__dict__)  # noqa: S102
  File "C:\Users\keena\DynastyGM\app.py", line 14440, in <module>
    main()
  File "C:\Users\keena\DynastyGM\app.py", line 11264, in main
    selected_group = st.radio(
  File "C:\Users\keena\DynastyGM\venv\Lib\site-packages\streamlit\runtime\metrics_util.py", line 698, in wrapped_func
    result = non_optional_func(*args, **kwargs)
  File "C:\Users\keena\DynastyGM\venv\Lib\site-packages\streamlit\elements\widgets\radio.py", line 400, in radio
    return self._radio(
  File "C:\Users\keena\DynastyGM\venv\Lib\site-packages\streamlit\elements\widgets\radio.py", line 441, in _radio
    check_widget_policies(
  File "C:\Users\keena\DynastyGM\venv\Lib\site-packages\streamlit\elements\lib\policies.py", line 187, in check_widget_policies
    check_session_state_rules(
  File "C:\Users\keena\DynastyGM\venv\Lib\site-packages\streamlit\elements\lib\policies.py", line 92, in check_session_state_rules
    _LOGGER.warning(
